> Hello from parserTester for boris compiler!
Start parse tree visualization:

[ROOT_INPUT]
    [SDD_LIST]
        [DECL_AS_SDD]
            [GLOBAL_DECL]
                [PLACEHOLDER-261]global
                [ID]a
                [PLACEHOLDER-293]=
                [SINGLE_INT_AS_EXPR]
                    [INT]0
                [PLACEHOLDER-290];
        [SDD_LIST]
            [DECL_AS_SDD]
                [GLOBAL_DECL]
                    [PLACEHOLDER-261]global
                    [ID]b
                    [PLACEHOLDER-293]=
                    [SINGLE_INT_AS_EXPR]
                        [INT]1
                    [PLACEHOLDER-290];
            [SDD_LIST]
                [STATEMENT_AS_SDD]
                    [FOREACH_RANGE_STATEMENT]
                        [PLACEHOLDER-270]foreach
                        [ID]c
                        [PLACEHOLDER-272]in
                        [RANGE]
                            [SINGLE_INT_AS_EXPR]
                                [INT]1
                            [PLACEHOLDER-275]..
                            [SINGLE_INT_AS_EXPR]
                                [INT]10
                        [PLACEHOLDER-265]do
                        [STATEMENT_LIST]
                            [PRINT_STATEMENT]
                                [PLACEHOLDER-274]print
                                [SINGLE_ID_AS_EXPR]
                                    [ID]c
                                [PLACEHOLDER-290];
                            [EMPTY_NODE]
                        [PLACEHOLDER-263]end
                        [PLACEHOLDER-271]for
                [SDD_LIST]
                    [STATEMENT_AS_SDD]
                        [FOREACH_RANGE_STATEMENT]
                            [PLACEHOLDER-270]foreach
                            [ID]c
                            [PLACEHOLDER-272]in
                            [RANGE]
                                [SINGLE_INT_AS_EXPR]
                                    [INT]1
                                [PLACEHOLDER-275]..
                                [SINGLE_INT_AS_EXPR]
                                    [INT]10
                            [PLACEHOLDER-265]do
                            [STATEMENT_LIST]
                                [IF_ELSE_STATEMENT]
                                    [PLACEHOLDER-266]if
                                    [BOOLEXPR]
                                        [SINGLE_ID_AS_EXPR]
                                            [ID]c
                                        [PLACEHOLDER-282]==
                                        [EXPR_MULT_EXPR]
                                            [LPAR_EXPR_LPAR]
                                                [PLACEHOLDER-291](
                                                [EXPR_DIV_EXPR]
                                                    [SINGLE_ID_AS_EXPR]
                                                        [ID]c
                                                    [PLACEHOLDER-287]/
                                                    [SINGLE_INT_AS_EXPR]
                                                        [INT]2
                                                [PLACEHOLDER-292])
                                            [PLACEHOLDER-286]*
                                            [SINGLE_INT_AS_EXPR]
                                                [INT]2
                                    [PLACEHOLDER-267]then
                                    [STATEMENT_LIST]
                                        [PRINT_STATEMENT]
                                            [PLACEHOLDER-274]print
                                            [SINGLE_INT_AS_EXPR]
                                                [INT]2
                                            [PLACEHOLDER-290];
                                        [EMPTY_NODE]
                                    [EMPTY_NODE]
                                    [ELSE_SENTENCE]
                                        [PLACEHOLDER-269]else
                                        [STATEMENT_LIST]
                                            [PRINT_STATEMENT]
                                                [PLACEHOLDER-274]print
                                                [SINGLE_INT_AS_EXPR]
                                                    [INT]1
                                                [PLACEHOLDER-290];
                                            [EMPTY_NODE]
                                    [PLACEHOLDER-263]end
                                    [PLACEHOLDER-266]if
                                [EMPTY_NODE]
                            [PLACEHOLDER-263]end
                            [PLACEHOLDER-271]for
                    [EMPTY_NODE]
