> Hello from parserTester for boris compiler!
Start parse tree visualization:

[ROOT_INPUT]
    [SDD_LIST]
        [STATEMENT_AS_SDD]
            [PRINT_STATEMENT]
                [PLACEHOLDER-274]print
                [SINGLE_INT_AS_EXPR]
                    [INT]131313
                [PLACEHOLDER-290];
        [EMPTY_NODE]
