> Hello from parserTester for boris compiler!
Start parse tree visualization:

[ROOT_INPUT]
    [SDD_LIST]
        [DECL_AS_SDD]
            [GLOBAL_DECL]
                [PLACEHOLDER-261]global
                [ID]a
                [PLACEHOLDER-293]=
                [SINGLE_INT_AS_EXPR]
                    [INT]0
                [PLACEHOLDER-290];
        [SDD_LIST]
            [DECL_AS_SDD]
                [GLOBAL_DECL]
                    [PLACEHOLDER-261]global
                    [ID]b
                    [PLACEHOLDER-293]=
                    [SINGLE_INT_AS_EXPR]
                        [INT]1
                    [PLACEHOLDER-290];
            [SDD_LIST]
                [STATEMENT_AS_SDD]
                    [LHS_ASSIGN_EXPR_AS_STATEMENT]
                        [LHS]
                            [SINGLE_ID_AS_LHSITEM]
                                [ID]a
                            [EMPTY_NODE]
                        [PLACEHOLDER-293]=
                        [EXPR_DIV_EXPR]
                            [LPAR_EXPR_LPAR]
                                [PLACEHOLDER-291](
                                [EXPR_MINUS_EXPR]
                                    [EXPR_MULT_EXPR]
                                        [SINGLE_INT_AS_EXPR]
                                            [INT]234
                                        [PLACEHOLDER-286]*
                                        [SINGLE_ID_AS_EXPR]
                                            [ID]b
                                    [PLACEHOLDER-285]-
                                    [EXPR_MULT_EXPR]
                                        [SINGLE_INT_AS_EXPR]
                                            [INT]459
                                        [PLACEHOLDER-286]*
                                        [SINGLE_ID_AS_EXPR]
                                            [ID]a
                                [PLACEHOLDER-292])
                            [PLACEHOLDER-287]/
                            [SINGLE_INT_AS_EXPR]
                                [INT]2
                        [PLACEHOLDER-290];
                [SDD_LIST]
                    [STATEMENT_AS_SDD]
                        [LHS_ASSIGN_EXPR_AS_STATEMENT]
                            [LHS]
                                [SINGLE_ID_AS_LHSITEM]
                                    [ID]b
                                [EMPTY_NODE]
                            [PLACEHOLDER-293]=
                            [SINGLE_INT_AS_EXPR]
                                [INT]2
                            [PLACEHOLDER-290];
                    [SDD_LIST]
                        [STATEMENT_AS_SDD]
                            [PRINT_STATEMENT]
                                [PLACEHOLDER-274]print
                                [SINGLE_ID_AS_EXPR]
                                    [ID]a
                                [PLACEHOLDER-290];
                        [SDD_LIST]
                            [STATEMENT_AS_SDD]
                                [PRINT_STATEMENT]
                                    [PLACEHOLDER-274]print
                                    [SINGLE_ID_AS_EXPR]
                                        [ID]b
                                    [PLACEHOLDER-290];
                            [SDD_LIST]
                                [STATEMENT_AS_SDD]
                                    [LHS_ASSIGN_EXPR_AS_STATEMENT]
                                        [LHS]
                                            [SINGLE_ID_AS_LHSITEM]
                                                [ID]a
                                            [EMPTY_NODE]
                                        [PLACEHOLDER-293]=
                                        [EXPR_DIV_EXPR]
                                            [LPAR_EXPR_LPAR]
                                                [PLACEHOLDER-291](
                                                [EXPR_MINUS_EXPR]
                                                    [EXPR_MULT_EXPR]
                                                        [SINGLE_INT_AS_EXPR]
                                                            [INT]234
                                                        [PLACEHOLDER-286]*
                                                        [SINGLE_ID_AS_EXPR]
                                                            [ID]b
                                                    [PLACEHOLDER-285]-
                                                    [EXPR_MULT_EXPR]
                                                        [SINGLE_INT_AS_EXPR]
                                                            [INT]459
                                                        [PLACEHOLDER-286]*
                                                        [SINGLE_ID_AS_EXPR]
                                                            [ID]a
                                                [PLACEHOLDER-292])
                                            [PLACEHOLDER-287]/
                                            [SINGLE_INT_AS_EXPR]
                                                [INT]2
                                        [PLACEHOLDER-290];
                                [SDD_LIST]
                                    [STATEMENT_AS_SDD]
                                        [LHS_EXCHANGE_LHS_AS_STATEMENT]
                                            [LHS]
                                                [SINGLE_ID_AS_LHSITEM]
                                                    [ID]a
                                                [EMPTY_NODE]
                                            [PLACEHOLDER-294]<->
                                            [LHS]
                                                [SINGLE_ID_AS_LHSITEM]
                                                    [ID]b
                                                [EMPTY_NODE]
                                            [PLACEHOLDER-290];
                                    [SDD_LIST]
                                        [STATEMENT_AS_SDD]
                                            [PRINT_STATEMENT]
                                                [PLACEHOLDER-274]print
                                                [SINGLE_ID_AS_EXPR]
                                                    [ID]a
                                                [PLACEHOLDER-290];
                                        [SDD_LIST]
                                            [STATEMENT_AS_SDD]
                                                [PRINT_STATEMENT]
                                                    [PLACEHOLDER-274]print
                                                    [SINGLE_ID_AS_EXPR]
                                                        [ID]b
                                                    [PLACEHOLDER-290];
                                            [EMPTY_NODE]
