> Hello from parserTester for boris compiler!
Start parse tree visualization:

[ROOT_INPUT]
    [SDD_LIST]
        [DECL_AS_SDD]
            [ARRAY_DECL_WITH_ANONY_FUNC]
                [PLACEHOLDER-258]array
                [ID]a
                [PLACEHOLDER-288][
                [SINGLE_INT_AS_EXPR]
                    [INT]234
                [PLACEHOLDER-275]..
                [SINGLE_INT_AS_EXPR]
                    [INT]123
                [PLACEHOLDER-289]]
                [ID]a
                [PLACEHOLDER-293]=
                [EXPR_MINUS_EXPR]
                    [EXPR_MULT_EXPR]
                        [EXPR_MULT_EXPR]
                            [SINGLE_ID_AS_EXPR]
                                [ID]a
                            [PLACEHOLDER-286]*
                            [SINGLE_ID_AS_EXPR]
                                [ID]a
                        [PLACEHOLDER-286]*
                        [SINGLE_ID_AS_EXPR]
                            [ID]a
                    [PLACEHOLDER-285]-
                    [EXPR_PLUS_EXPR]
                        [EXPR_MULT_EXPR]
                            [SINGLE_INT_AS_EXPR]
                                [INT]2
                            [PLACEHOLDER-286]*
                            [SINGLE_ID_AS_EXPR]
                                [ID]a
                        [PLACEHOLDER-284]+
                        [SINGLE_INT_AS_EXPR]
                            [INT]4
                [PLACEHOLDER-290];
        [SDD_LIST]
            [DECL_AS_SDD]
                [GLOBAL_DECL]
                    [PLACEHOLDER-261]global
                    [ID]a
                    [PLACEHOLDER-293]=
                    [SINGLE_INT_AS_EXPR]
                        [INT]1
                    [PLACEHOLDER-290];
            [SDD_LIST]
                [DECL_AS_SDD]
                    [LOCAL_DECL]
                        [PLACEHOLDER-260]local
                        [ID]a
                        [PLACEHOLDER-293]=
                        [SINGLE_ID_AS_EXPR]
                            [ID]a
                        [PLACEHOLDER-290];
                [SDD_LIST]
                    [STATEMENT_AS_SDD]
                        [LHS_ASSIGN_EXPR_AS_STATEMENT]
                            [LHS]
                                [SINGLE_ID_AS_LHSITEM]
                                    [ID]a
                                [EMPTY_NODE]
                            [PLACEHOLDER-293]=
                            [EXPR_COMMA_EXPR]
                                [EXPR_COMMA_EXPR]
                                    [TUPLE_REF_AS_EXPR]
                                        [ID]a
                                        [PLACEHOLDER-277].
                                        [INT]0
                                    [PLACEHOLDER-276],
                                    [TUPLE_REF_AS_EXPR]
                                        [ID]a
                                        [PLACEHOLDER-277].
                                        [INT]0
                                [PLACEHOLDER-276],
                                [SINGLE_INT_AS_EXPR]
                                    [INT]0
                            [PLACEHOLDER-290];
                    [SDD_LIST]
                        [STATEMENT_AS_SDD]
                            [FOREACH_ARRAYID_STATEMENT]
                                [PLACEHOLDER-270]foreach
                                [ID]a
                                [PLACEHOLDER-272]in
                                [ARRAY_ID]
                                    [ID]a
                                [PLACEHOLDER-265]do
                                [STATEMENT_LIST]
                                    [PRINT_STATEMENT]
                                        [PLACEHOLDER-274]print
                                        [EXPR_COMMA_EXPR]
                                            [EXPR_COMMA_EXPR]
                                                [SINGLE_ID_AS_EXPR]
                                                    [ID]a
                                                [PLACEHOLDER-276],
                                                [ARRAY_REF_AS_EXPR]
                                                    [ID]a
                                                    [PLACEHOLDER-288][
                                                    [EXPR_PLUS_EXPR]
                                                        [SINGLE_ID_AS_EXPR]
                                                            [ID]a
                                                        [PLACEHOLDER-284]+
                                                        [SINGLE_INT_AS_EXPR]
                                                            [INT]1
                                                    [PLACEHOLDER-289]]
                                            [PLACEHOLDER-276],
                                            [ARRAY_REF_AS_EXPR]
                                                [ID]a
                                                [PLACEHOLDER-288][
                                                [EXPR_PLUS_EXPR]
                                                    [EXPR_PLUS_EXPR]
                                                        [TUPLE_REF_AS_EXPR]
                                                            [ID]a
                                                            [PLACEHOLDER-277].
                                                            [INT]7
                                                        [PLACEHOLDER-284]+
                                                        [SINGLE_INT_AS_EXPR]
                                                            [INT]49
                                                    [PLACEHOLDER-284]+
                                                    [ARRAY_REF_AS_EXPR]
                                                        [ID]a
                                                        [PLACEHOLDER-288][
                                                        [EXPR_PLUS_EXPR]
                                                            [TUPLE_REF_AS_EXPR]
                                                                [ID]a
                                                                [PLACEHOLDER-277].
                                                                [INT]3
                                                            [PLACEHOLDER-284]+
                                                            [SINGLE_INT_AS_EXPR]
                                                                [INT]5
                                                        [PLACEHOLDER-289]]
                                                [PLACEHOLDER-289]]
                                        [PLACEHOLDER-290];
                                    [EMPTY_NODE]
                                [PLACEHOLDER-263]end
                                [PLACEHOLDER-271]for
                        [SDD_LIST]
                            [STATEMENT_AS_SDD]
                                [IF_ELSE_STATEMENT]
                                    [PLACEHOLDER-266]if
                                    [BOOLEXPR]
                                        [ARRAY_REF_AS_EXPR]
                                            [ID]a
                                            [PLACEHOLDER-288][
                                            [SINGLE_INT_AS_EXPR]
                                                [INT]0
                                            [PLACEHOLDER-289]]
                                        [PLACEHOLDER-278]<
                                        [EXPR_PLUS_EXPR]
                                            [EXPR_DIV_EXPR]
                                                [TUPLE_REF_AS_EXPR]
                                                    [ID]a
                                                    [PLACEHOLDER-277].
                                                    [INT]0
                                                [PLACEHOLDER-287]/
                                                [SINGLE_ID_AS_EXPR]
                                                    [ID]a
                                            [PLACEHOLDER-284]+
                                            [SINGLE_INT_AS_EXPR]
                                                [INT]5
                                    [PLACEHOLDER-267]then
                                    [STATEMENT_LIST]
                                        [PRINT_STATEMENT]
                                            [PLACEHOLDER-274]print
                                            [SINGLE_INT_AS_EXPR]
                                                [INT]999
                                            [PLACEHOLDER-290];
                                        [EMPTY_NODE]
                                    [EMPTY_NODE]
                                    [ELSE_SENTENCE]
                                        [PLACEHOLDER-269]else
                                        [STATEMENT_LIST]
                                            [PRINT_STATEMENT]
                                                [PLACEHOLDER-274]print
                                                [SINGLE_INT_AS_EXPR]
                                                    [INT]777
                                                [PLACEHOLDER-290];
                                            [EMPTY_NODE]
                                    [PLACEHOLDER-263]end
                                    [PLACEHOLDER-266]if
                            [SDD_LIST]
                                [DEFN_AS_SDD]
                                    [FUNC_DEFN]
                                        [PLACEHOLDER-262]defun
                                        [ID]a
                                        [PLACEHOLDER-291](
                                        [ID]a
                                        [COMMA_ID_LIST]
                                            [PLACEHOLDER-276],
                                            [ID]aa
                                            [COMMA_ID_LIST]
                                                [PLACEHOLDER-276],
                                                [ID]aaa
                                                [COMMA_ID_LIST]
                                                    [PLACEHOLDER-276],
                                                    [ID]a
                                                    [EMPTY_NODE]
                                        [PLACEHOLDER-291](
                                        [BODY]
                                            [SD_LIST]
                                                [DECL_AS_SD]
                                                    [LOCAL_DECL]
                                                        [PLACEHOLDER-260]local
                                                        [ID]a
                                                        [PLACEHOLDER-293]=
                                                        [SINGLE_ID_AS_EXPR]
                                                            [ID]aa
                                                        [PLACEHOLDER-290];
                                                [SD_LIST]
                                                    [DECL_AS_SD]
                                                        [GLOBAL_DECL]
                                                            [PLACEHOLDER-261]global
                                                            [ID]aaa
                                                            [PLACEHOLDER-293]=
                                                            [SINGLE_ID_AS_EXPR]
                                                                [ID]aa
                                                            [PLACEHOLDER-290];
                                                    [SD_LIST]
                                                        [STATEMENT_AS_SD]
                                                            [IF_ELSE_STATEMENT]
                                                                [PLACEHOLDER-266]if
                                                                [BOOLEXPR]
                                                                    [ARRAY_REF_AS_EXPR]
                                                                        [ID]a
                                                                        [PLACEHOLDER-288][
                                                                        [ARRAY_REF_AS_EXPR]
                                                                            [ID]aa
                                                                            [PLACEHOLDER-288][
                                                                            [SINGLE_ID_AS_EXPR]
                                                                                [ID]aaa
                                                                            [PLACEHOLDER-289]]
                                                                        [PLACEHOLDER-289]]
                                                                    [PLACEHOLDER-282]==
                                                                    [ARRAY_REF_AS_EXPR]
                                                                        [ID]aaa
                                                                        [PLACEHOLDER-288][
                                                                        [TUPLE_REF_AS_EXPR]
                                                                            [ID]a
                                                                            [PLACEHOLDER-277].
                                                                            [INT]7
                                                                        [PLACEHOLDER-289]]
                                                                [PLACEHOLDER-267]then
                                                                [STATEMENT_LIST]
                                                                    [RETURN_STATEMENT]
                                                                        [PLACEHOLDER-273]return
                                                                        [ARRAY_REF_AS_EXPR]
                                                                            [ID]aaa
                                                                            [PLACEHOLDER-288][
                                                                            [TUPLE_REF_AS_EXPR]
                                                                                [ID]a
                                                                                [PLACEHOLDER-277].
                                                                                [INT]5
                                                                            [PLACEHOLDER-289]]
                                                                        [PLACEHOLDER-290];
                                                                    [EMPTY_NODE]
                                                                [EMPTY_NODE]
                                                                [ELSE_SENTENCE]
                                                                    [PLACEHOLDER-269]else
                                                                    [STATEMENT_LIST]
                                                                        [LHS_EXCHANGE_LHS_AS_STATEMENT]
                                                                            [LHS]
                                                                                [ARRAY_REF_AS_LHSITEM]
                                                                                    [ID]a
                                                                                    [PLACEHOLDER-288][
                                                                                    [ARRAY_REF_AS_EXPR]
                                                                                        [ID]a
                                                                                        [PLACEHOLDER-288][
                                                                                        [SINGLE_INT_AS_EXPR]
                                                                                            [INT]7
                                                                                        [PLACEHOLDER-289]]
                                                                                    [PLACEHOLDER-289]]
                                                                                [EMPTY_NODE]
                                                                            [PLACEHOLDER-294]<->
                                                                            [LHS]
                                                                                [TUPLE_REF_AS_LHSITEM]
                                                                                    [ID]a
                                                                                    [PLACEHOLDER-277].
                                                                                    [INT]3
                                                                                [EMPTY_NODE]
                                                                            [PLACEHOLDER-290];
                                                                        [STATEMENT_LIST]
                                                                            [RETURN_STATEMENT]
                                                                                [PLACEHOLDER-273]return
                                                                                [ARRAY_REF_AS_EXPR]
                                                                                    [ID]a
                                                                                    [PLACEHOLDER-288][
                                                                                    [ARRAY_REF_AS_EXPR]
                                                                                        [ID]a
                                                                                        [PLACEHOLDER-288][
                                                                                        [TUPLE_REF_AS_EXPR]
                                                                                            [ID]a
                                                                                            [PLACEHOLDER-277].
                                                                                            [INT]3
                                                                                        [PLACEHOLDER-289]]
                                                                                    [PLACEHOLDER-289]]
                                                                                [PLACEHOLDER-290];
                                                                            [EMPTY_NODE]
                                                                [PLACEHOLDER-263]end
                                                                [PLACEHOLDER-266]if
                                                        [EMPTY_NODE]
                                        [PLACEHOLDER-263]end
                                        [PLACEHOLDER-262]defun
                                [SDD_LIST]
                                    [STATEMENT_AS_SDD]
                                        [WHILE_STATEMENT]
                                            [PLACEHOLDER-264]while
                                            [BOOLEXPR]
                                                [SINGLE_ID_AS_EXPR]
                                                    [ID]a
                                                [PLACEHOLDER-283]!=
                                                [TUPLE_REF_AS_EXPR]
                                                    [ID]a
                                                    [PLACEHOLDER-277].
                                                    [INT]7
                                            [PLACEHOLDER-265]do
                                            [STATEMENT_LIST]
                                                [LHS_EXCHANGE_LHS_AS_STATEMENT]
                                                    [LHS]
                                                        [SINGLE_ID_AS_LHSITEM]
                                                            [ID]a
                                                        [EMPTY_NODE]
                                                    [PLACEHOLDER-294]<->
                                                    [LHS]
                                                        [SINGLE_ID_AS_LHSITEM]
                                                            [ID]a
                                                        [COMMA_LHSITEN_LIST]
                                                            [PLACEHOLDER-276],
                                                            [SINGLE_ID_AS_LHSITEM]
                                                                [ID]a
                                                            [EMPTY_NODE]
                                                    [PLACEHOLDER-290];
                                                [EMPTY_NODE]
                                            [PLACEHOLDER-263]end
                                            [PLACEHOLDER-264]while
                                    [EMPTY_NODE]
