; ModuleID = 'module-boris-input'
source_filename = "module-boris-input"
target triple = "x86_64-pc-linux-gnu"

@format_int = private unnamed_addr constant [4 x i8] c"%d\0A\00"
@format_int.1 = private unnamed_addr constant [4 x i8] c"%d\0A\00"

define i32 @strlen(i8* %s) {
init:
  %i = alloca i32
  store i32 0, i32* %i
  br label %check

check:                                            ; preds = %body, %init
  %0 = load i32, i32* %i
  %1 = getelementptr i8, i8* %s, i32 %0
  %2 = load i8, i8* %1
  %3 = icmp ne i8 0, %2
  br i1 %3, label %body, label %end

body:                                             ; preds = %check
  %4 = load i32, i32* %i
  %5 = add i32 %4, 1
  store i32 %5, i32* %i
  br label %check

end:                                              ; preds = %check
  %6 = load i32, i32* %i
  ret i32 %6
}

declare i32 @printf(...)

define void @main() {
MainEntry:
  %z = alloca i32
  store i32 10, i32* %z
  %load_singleid_int_temp = load i32, i32* %z
  %0 = call i32 @double(i32 %load_singleid_int_temp)
  %1 = call i32 (...) @printf(i8* getelementptr inbounds ([4 x i8], [4 x i8]* @format_int, i32 0, i32 0), i32 %0)
  %2 = call i32 @double(i32 3)
  %3 = call i32 (...) @printf(i8* getelementptr inbounds ([4 x i8], [4 x i8]* @format_int.1, i32 0, i32 0), i32 %2)
  br label %EndEntry

EndEntry:                                         ; preds = %MainEntry
  ret void
}

define i32 @double(i32) {
Entry:
  %x = alloca i32
  store i32 %0, i32* %x
  %load_singleid_int_temp = load i32, i32* %x
  %expr_mul_expr_tmp = mul i32 2, %load_singleid_int_temp
  ret i32 %expr_mul_expr_tmp
}
